// Jest Snapshot v1, https://goo.gl/fbAQLP

exports[`ThemedButton matches the snapshot 1`] = `
<View
  accessibilityRole="button"
  accessibilityState={
    {
      "busy": undefined,
      "checked": undefined,
      "disabled": undefined,
      "expanded": undefined,
      "selected": undefined,
    }
  }
  accessibilityValue={
    {
      "max": undefined,
      "min": undefined,
      "now": undefined,
      "text": undefined,
    }
  }
  accessible={true}
  collapsable={false}
  focusable={true}
  onBlur={[Function]}
  onClick={[Function]}
  onFocus={[Function]}
  onResponderGrant={[Function]}
  onResponderMove={[Function]}
  onResponderRelease={[Function]}
  onResponderTerminate={[Function]}
  onResponderTerminationRequest={[Function]}
  onStartShouldSetResponder={[Function]}
  style={
    [
      {
        "borderRadius": 6,
        "marginVertical": 10,
        "padding": 18,
      },
      {
        "backgroundColor": "#abc",
      },
      false,
      undefined,
    ]
  }
  testID="themed-button"
>
  <Text>
    Snapshot
  </Text>
</View>
`;
