// Jest Snapshot v1, https://goo.gl/fbAQLP

exports[`+not-found.tsx matches the snapshot 1`] = `
[
  <Text
    type="title"
  >
    This screen does not exist.
  </Text>,
  <Text
    accessibilityRole="link"
    href="/"
    style={
      {
        "marginTop": 15,
        "paddingVertical": 15,
      }
    }
  >
    <Text
      type="link"
    >
      Go to home screen!
    </Text>
  </Text>,
]
`;
